2026-09-01 14:16:08 [1m[INFO][0m ####################################################################################################
2026-09-01 14:16:08 [1m[INFO][0m Run dir: C:\hong\project-5\ref\logs_deconvolution_iter2\00000_iter2 | device cpu
2026-09-01 14:16:08 [1m[INFO][0m ####################################################################################################
2026-09-01 14:16:08 [1m[INFO][0m train_dataset:['C:\\hong\\project-5\\ref\\dataset\\train']
2026-09-01 14:16:08 [1m[INFO][0m valid_dataset:['C:\\hong\\project-5\\ref\\dataset\\val']
2026-09-01 14:16:08 [1m[INFO][0m test_dataset:['C:\\hong\\project-5\\ref\\dataset\\test_label']
2026-09-01 14:16:08 [1m[INFO][0m data_type:*.npy
2026-09-01 14:16:08 [1m[INFO][0m valid_data_type:L1_*.npy
2026-09-01 14:16:08 [1m[INFO][0m test_measure_dir:None
2026-09-01 14:16:08 [1m[INFO][0m train_max_images:4
2026-09-01 14:16:08 [1m[INFO][0m log_lv:INFO
2026-09-01 14:16:08 [1m[INFO][0m run_dir:C:\hong\project-5\ref\logs_deconvolution_iter2
2026-09-01 14:16:08 [1m[INFO][0m init_time:1788239768.7459202
2026-09-01 14:16:08 [1m[INFO][0m model_type:physics_unet
2026-09-01 14:16:08 [1m[INFO][0m base_mode:gcv_wiener
2026-09-01 14:16:08 [1m[INFO][0m base_fixed_k:0.0001
2026-09-01 14:16:08 [1m[INFO][0m optimizer:adamw
2026-09-01 14:16:08 [1m[INFO][0m lr:0.0002
2026-09-01 14:16:08 [1m[INFO][0m min_lr:1e-06
2026-09-01 14:16:08 [1m[INFO][0m weight_decay:0.0001
2026-09-01 14:16:08 [1m[INFO][0m warmup_epoch:1
2026-09-01 14:16:08 [1m[INFO][0m charbonnier_eps:0.001
2026-09-01 14:16:08 [1m[INFO][0m loss_dc_weight:0.1
2026-09-01 14:16:08 [1m[INFO][0m train_batch:2
2026-09-01 14:16:08 [1m[INFO][0m valid_batch:2
2026-09-01 14:16:08 [1m[INFO][0m train_epoch:2
2026-09-01 14:16:08 [1m[INFO][0m logging_density:1
2026-09-01 14:16:08 [1m[INFO][0m valid_interval:1
2026-09-01 14:16:08 [1m[INFO][0m valid_tol:0
2026-09-01 14:16:08 [1m[INFO][0m num_workers:0
2026-09-01 14:16:08 [1m[INFO][0m parallel:False
2026-09-01 14:16:08 [1m[INFO][0m amp:False
2026-09-01 14:16:08 [1m[INFO][0m device:cpu
2026-09-01 14:16:08 [1m[INFO][0m grad_clip:1.0
2026-09-01 14:16:08 [1m[INFO][0m aug_dihedral:True
2026-09-01 14:16:08 [1m[INFO][0m train_noise_zero_prob:0.25
2026-09-01 14:16:08 [1m[INFO][0m train_noise_sigma_min:3e-05
2026-09-01 14:16:08 [1m[INFO][0m train_noise_sigma_max:0.003
2026-09-01 14:16:08 [1m[INFO][0m use_tta:True
2026-09-01 14:16:08 [1m[INFO][0m tag:iter2
2026-09-01 14:16:08 [1m[INFO][0m ####################################################################################################
2026-09-01 14:16:08 [1m[INFO][0m in_chans:6
2026-09-01 14:16:08 [1m[INFO][0m out_chans:1
2026-09-01 14:16:08 [1m[INFO][0m chans:24
2026-09-01 14:16:08 [1m[INFO][0m num_pool_layers:4
2026-09-01 14:16:08 [1m[INFO][0m ####################################################################################################
2026-09-01 14:16:08 [1m[INFO][0m Train dataset length : 4
2026-09-01 14:16:08 [1m[INFO][0m Valid dataset length : 4 (pattern L1_*.npy)
2026-09-01 14:16:10 [1m[INFO][0m params: 1.893 M
2026-09-01 14:16:10 [1m[INFO][0m ####################################################################################################
2026-09-01 14:16:10 [1m[INFO][0m Train start
2026-09-01 14:16:12 [1m[INFO][0m 00h 00m 03s | loss: 8.846e-03
2026-09-01 14:16:12 [1m[INFO][0m Valid
2026-09-01 14:16:13 [1m[INFO][0m 00h 00m 04s | psnr: 64.3921 + 2.2276
2026-09-01 14:16:13 [1m[INFO][0m 00h 00m 04s | ssim: 1.0000 + 0.0000
2026-09-01 14:16:13 [1m[INFO][0m 00h 00m 04s | psnr_base: 80.3422 + 4.2704
2026-09-01 14:16:13 [1m[INFO][0m 00h 00m 04s | ssim_base: 1.0000 + 0.0000
2026-09-01 14:16:17 [1m[INFO][0m Saved 4 comparison figures to C:\hong\project-5\ref\logs_deconvolution_iter2\00000_iter2\valid_png\ep_000
2026-09-01 14:16:17 [32m[1m[SUCCESS][0m Best model renew (valid psnr 64.3921)
2026-09-01 14:16:19 [1m[INFO][0m 00h 00m 10s | loss: 3.587e-03
2026-09-01 14:16:19 [1m[INFO][0m Valid
2026-09-01 14:16:20 [1m[INFO][0m 00h 00m 11s | psnr: 62.9986 + 2.2929
2026-09-01 14:16:20 [1m[INFO][0m 00h 00m 11s | ssim: 1.0000 + 0.0000
2026-09-01 14:16:20 [1m[INFO][0m 00h 00m 11s | psnr_base: 80.3422 + 4.2704
2026-09-01 14:16:20 [1m[INFO][0m 00h 00m 11s | ssim_base: 1.0000 + 0.0000
2026-09-01 14:16:23 [1m[INFO][0m Saved 4 comparison figures to C:\hong\project-5\ref\logs_deconvolution_iter2\00000_iter2\valid_png\ep_001
2026-09-01 14:16:23 [1m[INFO][0m Best valid PSNR: 64.3921
2026-09-01 14:16:24 [1m[INFO][0m Loaded checkpoint: C:\hong\project-5\ref\logs_deconvolution_iter2\00000_iter2\checkpoints\checkpoint_best.ckpt
2026-09-01 14:16:24 [1m[INFO][0m in_chans:6
2026-09-01 14:16:24 [1m[INFO][0m out_chans:1
2026-09-01 14:16:24 [1m[INFO][0m chans:24
2026-09-01 14:16:24 [1m[INFO][0m num_pool_layers:4
2026-09-01 14:16:36 [1m[INFO][0m Saved 4 comparison figures to C:\hong\project-5\ref\logs_deconvolution_iter2\00000_iter2\test_png
